[?25l[?2004h]2;Create Vocab ListVocab List Creator[0K
                  [0K
┃   1 Write vocab list here...                                                                                                                                                                                                                                                                              
┃                                                                                                                                                                                                                                                                                                           
┃                                                                                                                                                                                                                                                                                                           
┃                                                                                                                                                                                                                                                                                                           
┃                                                                                                                                                                                                                                                                                                           
┃                                                                                                                                                                                                                                                                                                           
┃                                                                                                                                                                                                                                                                                                           
┃                                                                                                                                                                                                                                                                                                           
┃                                                                                                                                                                                                                                                                                                           
┃                                                                                                                                                                                                                                                                                                           
┃                                                                                                                                                                                                                                                                                                           
┃                                                                                                                                                                                                                                                                                                           
┃                                                                                                                                                                                                                                                                                                           
┃                                                                                                                                                                                                                                                                                                           
┃                                                                                                                                                                                                                                                                                                           
┃                                                                                                                                                                                                                                                                                                           
┃                                                                                                                                                                                                                                                                                                           
┃                                                                                                                                                                                                                                                                                                           
┃                                                                                                                                                                                                                                                                                                           
┃                                                                                                                                                                                                                                                                                                           
┃                                                                                                                                                                                                                                                                                                           
┃                                                                                                                                                                                                                                                                                                           
┃                                                                                                                                                                                                                                                                                                           
┃                                                                                                                                                                                                                                                                                                           
┃                                                                                                                                                                                                                                                                                                           
┃                                                                                                                                                                                                                                                                                                           
┃                                                                                                                                                                                                                                                                                                           
┃                                                                                                                                                                                                                                                                                                           
┃                                                                                                                                                                                                                                                                                                           
┃                                                                                                                                                                                                                                                                                                           
┃                                                                                                                                                                                                                                                                                                           
┃                                                                                                                                                                                                                                                                                                           
┃                                                                                                                                                                                                                                                                                                           
┃                                                                                                                                                                                                                                                                                                           
┃                                                                                                                                                                                                                                                                                                           
┃                                                                                                                                                                                                                                                                                                           
┃                                                                                                                                                                                                                                                                                                           
┃                                                                                                                                                                                                                                                                                                           
┃                                                                                                                                                                                                                                                                                                           
┃                                                                                                                                                                                                                                                                                                           
┃                                                                                                                                                                                                                                                                                                           
┃                                                                                                                                                                                                                                                                                                           
┃                                                                                                                                                                                                                                                                                                           
┃                                                                                                                                                                                                                                                                                                           
┃                                                                                                                                                                                                                                                                                                           
┃                                                                                                                                                                                                                                                                                                           
┃                                                                                                                                                                                                                                                                                                           
┃                                                                                                                                                                                                                                                                                                           
┃                                                                                                                                                                                                                                                                                                           
┃                                                                                                                                                                                                                                                                                                           
┃                                                                                                                                                                                                                                                                                                           
┃                                                                                                                                                                                                                                                                                                           
┃                                                                                                                                                                                                                                                                                                           
┃                                                                                                                                                                                                                                                                                                           
┃                                                                                                                                                                                                                                                                                                           
┃                                                                                                                                                                                                                                                                                                           
┃                                                                                                                                                                                                                                                                                                           
┃                                                                                                                                                                                                                                                                                                           
┃                                                                                                                                                                                                                                                                                                           
┃                                                                                                                                                                                                                                                                                                           
┃                                                                                                                                                                                                                                                                                                           
┃                                                                                                                                                                                                                                                                                                           
┃                                                                                                                                                                                                                                                                                                           
┃                                                                                                                                                                                                                                                                                                           
┃                                                                                                                                                                                                                                                                                                           
┃                                                                                                                                                                                                                                                                                                           
┃                                                                                                                                                                                                                                                                                                           
┃                                                                                                                                                                                                                                                                                                           
┃                                                                                                                                                                                                                                                                                                           
┃                                                                                                                                                                                                                                                                                                           
┃                                                                                                                                                                                                                                                                                                           
┃                                                                                                                                                                                                                                                                                                           
┃                                                                                                                                                                                                                                                                                                           
┃                                                                                                                                                                                                                                                                                                           
┃                                                                                                                                                                                                                                                                                                           
┃                                                                                                                                                                                                                                                                                                           
┃                                                                                                                                                                                                                                                                                                           
┃                                                                                                                                                                                                                                                                                                           
┃                                                                                                                                                                                                                                                                                                           
┃                                                                                                                                                                                                                                                                                                           
┃                                                                                                                                                                                                                                                                                                           
┃                                                                                                                                                                                                                                                                                                           
┃                                                                                                                                                                                                                                                                                                           
┃                                                                                                                                                                                                                                                                                                           
┃                                                                                                                                                                                                                                                                                                           
┃                                                                                                                                                                                                                                                                                                           
┃                                                                                                                                                                                                                                                                                                           
┃                                                                                                                                                                                                                                                                                                           
┃                                                                                                                                                                                                                                                                                                           
┃                                                                                                                                                                                                                                                                                                           
┃                                                                                                                                                                                                                                                                                                           
┃                                                                                                                                                                                                                                                                                                           
┃                                                                                                                                                                                                                                                                                                           
┃                                                                                                                                                                                                                                                                                                           
┃                                                                                                                                                                                                                                                                                                           
┃                                                                                                                                                                                                                                                                                                           
┃                                                                                                                                                                                                                                                                                                           
ctrl+h toggle help • ctrl+s save to file • ctrl+q quit[0K[300D[2K[?2004l[?25h[?1002l[?1003l[?1006l