[?25l[?2004h]2;Create Vocab ListVocab List Creator
                  
┃   1 Write vocab list here...                                                                                                                                                                                                                                                                              
┃                                                                                                                                                                                                                                                                                                           
┃                                                                                                                                                                                                                                                                                                           
┃                                                                                                                                                                                                                                                                                                           
┃                                                                                                                                                                                                                                                                                                           
┃                                                                                                                                                                                                                                                                                                           
┃                                                                                                                                                                                                                                                                                                           
┃                                                                                                                                                                                                                                                                                                           
┃                                                                                                                                                                                                                                                                                                           
┃                                                                                                                                                                                                                                                                                                           
┃                                                                                                                                                                                                                                                                                                           
┃                                                                                                                                                                                                                                                                                                           
┃                                                                                                                                                                                                                                                                                                           
┃                                                                                                                                                                                                                                                                                                           
┃                                                                                                                                                                                                                                                                                                           
┃                                                                                                                                                                                                                                                                                                           
┃                                                                                                                                                                                                                                                                                                           
┃                                                                                                                                                                                                                                                                                                           
┃                                                                                                                                                                                                                                                                                                           
┃                                                                                                                                                                                                                                                                                                           
┃                                                                                                                                                                                                                                                                                                           
┃                                                                                                                                                                                                                                                                                                           
┃                                                                                                                                                                                                                                                                                                           
┃                                                                                                                                                                                                                                                                                                           
┃                                                                                                                                                                                                                                                                                                           
┃                                                                                                                                                                                                                                                                                                           
┃                                                                                                                                                                                                                                                                                                           
┃                                                                                                                                                                                                                                                                                                           
┃                                                                                                                                                                                                                                                                                                           
┃                                                                                                                                                                                                                                                                                                           
┃                                                                                                                                                                                                                                                                                                           
┃                                                                                                                                                                                                                                                                                                           
┃                                                                                                                                                                                                                                                                                                           
┃                                                                                                                                                                                                                                                                                                           
┃                                                                                                                                                                                                                                                                                                           
┃                                                                                                                                                                                                                                                                                                           
┃                                                                                                                                                                                                                                                                                                           
┃                                                                                                                                                                                                                                                                                                           
┃                                                                                                                                                                                                                                                                                                           
┃                                                                                                                                                                                                                                                                                                           
┃                                                                                                                                                                                                                                                                                                           
┃                                                                                                                                                                                                                                                                                                           
┃                                                                                                                                                                                                                                                                                                           
┃                                                                                                                                                                                                                                                                                                           
┃                                                                                                                                                                                                                                                                                                           
┃                                                                                                                                                                                                                                                                                                           
┃                                                                                                                                                                                                                                                                                                           
┃                                                                                                                                                                                                                                                                                                           
┃                                                                                                                                                                                                                                                                                                           
┃                                                                                                                                                                                                                                                                                                           
┃                                                                                                                                                                                                                                                                                                           
┃                                                                                                                                                                                                                                                                                                           
┃                                                                                                                                                                                                                                                                                                           
┃                                                                                                                                                                                                                                                                                                           
┃                                                                                                                                                                                                                                                                                                           
┃                                                                                                                                                                                                                                                                                                           
┃                                                                                                                                                                                                                                                                                                           
┃                                                                                                                                                                                                                                                                                                           
┃                                                                                                                                                                                                                                                                                                           
┃                                                                                                                                                                                                                                                                                                           
┃                                                                                                                                                                                                                                                                                                           
┃                                                                                                                                                                                                                                                                                                           
┃                                                                                                                                                                                                                                                                                                           
┃                                                                                                                                                                                                                                                                                                           
┃                                                                                                                                                                                                                                                                                                           
┃                                                                                                                                                                                                                                                                                                           
┃                                                                                                                                                                                                                                                                                                           
┃                                                                                                                                                                                                                                                                                                           
┃                                                                                                                                                                                                                                                                                                           
┃                                                                                                                                                                                                                                                                                                           
┃                                                                                                                                                                                                                                                                                                           
┃                                                                                                                                                                                                                                                                                                           
┃                                                                                                                                                                                                                                                                                                           
┃                                                                                                                                                                                                                                                                                                           
┃                                                                                                                                                                                                                                                                                                           
┃                                                                                                                                                                                                                                                                                                           
┃                                                                                                                                                                                                                                                                                                           
┃                                                                                                                                                                                                                                                                                                           
┃                                                                                                                                                                                                                                                                                                           
┃                                                                                                                                                                                                                                                                                                           
┃                                                                                                                                                                                                                                                                                                           
┃                                                                                                                                                                                                                                                                                                           
┃                                                                                                                                                                                                                                                                                                           
┃                                                                                                                                                                                                                                                                                                           
┃                                                                                                                                                                                                                                                                                                           
┃                                                                                                                                                                                                                                                                                                           
┃                                                                                                                                                                                                                                                                                                           
┃                                                                                                                                                                                                                                                                                                           
┃                                                                                                                                                                                                                                                                                                           
┃                                                                                                                                                                                                                                                                                                           
┃                                                                                                                                                                                                                                                                                                           
┃                                                                                                                                                                                                                                                                                                           
┃                                                                                                                                                                                                                                                                                                           
┃                                                                                                                                                                                                                                                                                                           
┃                                                                                                                                                                                                                                                                                                           
┃                                                                                                                                                                                                                                                                                                           
┃                                                                                                                                                                                                                                                                                                           
ctrl+h toggle help • ctrl+s save to file • ctrl+q quit[?2004l[?25h