[?25l[?2004h]2;Create Session ConfigVerb exclusions[0K
[ ] All of them[0K
[ ] First conjugation verbs[0K
[ ] Second conjugation verbs[0K
[ ] Third conjugation verbs[0K
[ ] Fourth conjugation verbs[0K
[ ] Mixed conjugation verbs[0K
[ ] Irregular verbs[0K
[ ] Present active indicative[0K
[ ] Imperfect active indicative[0K
[ ] Perfect active indicative[0K
[ ] Pluperfect active indicative[0K
[ ] Present active infinitive[0K
[ ] Present active imperative[0K
[ ] Imperative active subjunctive[0K
[ ] Pluperfect active subjunctive[0K
[ ] Singular number[0K
[ ] Plural number[0K
[ ] 1st person[0K
[ ] 2nd person[0K
[ ] 3rd person[0K
↑ move up • ↓ move down • ← previous page • → next page • ⎵ check or uncheck option • ctrl+q quit[0K[300D[2K[?2004l[?25h[?1002l[?1003l[?1006l