[?25l[?2004h]2;Create Session Config[1;4;4mVerb[0m[4m [0m[1;4;4mexclusions[0m[0K
[38;2;225;123;52m[ ] All of them[0m[0K
[ ] Deponent verbs[0K
[ ] First conjugation verbs[0K
[ ] Second conjugation verbs[0K
[ ] Third conjugation verbs[0K
[ ] Fourth conjugation verbs[0K
[ ] Mixed conjugation verbs[0K
[ ] Irregular verbs[0K
[ ] Present active indicative[0K
[ ] Imperfect active indicative[0K
[ ] Future active indicative[0K
[ ] Perfect active indicative[0K
[ ] Pluperfect active indicative[0K
[ ] Future perfect active indicative[0K
[ ] Present passive indicative[0K
[ ] Imperfect passive indicative[0K
[ ] Future passive indicative[0K
[ ] Perfect passive indicative[0K
[ ] Pluperfect passive indicative[0K
[ ] Future perfect passive indicative[0K
[ ] Present active subjunctive[0K
[ ] Imperfect active subjunctive[0K
[ ] Perfect active subjunctive[0K
[ ] Pluperfect active subjunctive[0K
[ ] Present active imperative[0K
[ ] Present active infinitive[0K
[ ] Present passive infinitive[0K
[ ] Singular number[0K
[ ] Plural number[0K
[ ] 1st person[0K
[ ] 2nd person[0K
[ ] 3rd person[0K
[38;2;97;97;97m↑[0m [38;2;73;73;73mmove up[0m[38;2;60;60;60m • [0m[38;2;97;97;97m↓[0m [38;2;73;73;73mmove down[0m[38;2;60;60;60m • [0m[38;2;97;97;97m←[0m [38;2;73;73;73mprevious page[0m[38;2;60;60;60m • [0m[38;2;97;97;97m→[0m [38;2;73;73;73mnext page[0m[38;2;60;60;60m • [0m[38;2;97;97;97m⎵[0m [38;2;73;73;73mcheck or uncheck option[0m[38;2;60;60;60m • [0m[38;2;97;97;97mctrl+q[0m [38;2;73;73;73mquit[0m[0K[300D[33A[1;4;4mParticiple[0m[4m [0m[1;4;4mexclusions[0m[0K
[B[ ] Present active[0K
[ ] Perfect passive[0K
[ ] Future active[0K
[ ] Masculine gender[0K
[ ] Feminine gender[0K
[ ] Neuter gender[0K
[ ] Nominative case[0K
[ ] Vocative case[0K
[ ] Accusative case[0K
[ ] Genitive case[0K
[ ] Dative case[0K
[ ] Ablative case[0K
[ ] Singular number[0K
[ ] Plural number[0K
[38;2;97;97;97m↑[0m [38;2;73;73;73mmove up[0m[38;2;60;60;60m • [0m[38;2;97;97;97m↓[0m [38;2;73;73;73mmove down[0m[38;2;60;60;60m • [0m[38;2;97;97;97m←[0m [38;2;73;73;73mprevious page[0m[38;2;60;60;60m • [0m[38;2;97;97;97m→[0m [38;2;73;73;73mnext page[0m[38;2;60;60;60m • [0m[38;2;97;97;97m⎵[0m [38;2;73;73;73mcheck or uncheck option[0m[38;2;60;60;60m • [0m[38;2;97;97;97mctrl+q[0m [38;2;73;73;73mquit[0m[0K[0J[300D[16A[1;4;4mNoun[0m[4m [0m[1;4;4mexclusions[0m[0K
[B[ ] First declension nouns[0K
[ ] Second declension nouns[0K
[ ] Third declension nouns[0K
[ ] Fourth declension nouns[0K
[ ] Fifth declension nouns[0K
[ ] Irregular nouns[0K
[B[B[B[B[B[B[B[B[300D[16A[1;4;4mAdjective[0m[4m [0m[1;4;4mexclusions[0m[0K
[B[ ] First and second declension adjectives[0K
[ ] Third declension adjectives[0K
[ ] Masculine gender[0K
[ ] Feminine gender[0K
[ ] Neuter gender[0K
[ ] Nominative case[0K
[ ] Vocative case[0K
[ ] Accusative case[0K
[ ] Genitive case[0K
[ ] Dative case[0K
[ ] Ablative case[0K
[ ] Singular number[0K
[ ] Plural number[0K
[ ] Positive degree[0K
[ ] Comparative degree[0K
[ ] Superlative degree[0K
[38;2;97;97;97m↑[0m [38;2;73;73;73mmove up[0m[38;2;60;60;60m • [0m[38;2;97;97;97m↓[0m [38;2;73;73;73mmove down[0m[38;2;60;60;60m • [0m[38;2;97;97;97m←[0m [38;2;73;73;73mprevious page[0m[38;2;60;60;60m • [0m[38;2;97;97;97m→[0m [38;2;73;73;73mnext page[0m[38;2;60;60;60m • [0m[38;2;97;97;97m⎵[0m [38;2;73;73;73mcheck or uncheck option[0m[38;2;60;60;60m • [0m[38;2;97;97;97mctrl+q[0m [38;2;73;73;73mquit[0m[0K[300D[18A[1;4;4mAdverb[0m[4m [0m[1;4;4mexclusions[0m[0K
[B[ ] Positive degree[0K
[ ] Comparative degree[0K
[ ] Superlative degree[0K
[38;2;97;97;97m↑[0m [38;2;73;73;73mmove up[0m[38;2;60;60;60m • [0m[38;2;97;97;97m↓[0m [38;2;73;73;73mmove down[0m[38;2;60;60;60m • [0m[38;2;97;97;97m←[0m [38;2;73;73;73mprevious page[0m[38;2;60;60;60m • [0m[38;2;97;97;97m→[0m [38;2;73;73;73mnext page[0m[38;2;60;60;60m • [0m[38;2;97;97;97m⎵[0m [38;2;73;73;73mcheck or uncheck option[0m[38;2;60;60;60m • [0m[38;2;97;97;97mctrl+q[0m [38;2;73;73;73mquit[0m[0K[0J[300D[5A[1;4;4mPronoun[0m[4m [0m[1;4;4mexclusions[0m[0K
[B[ ] Masculine gender[0K
[ ] Feminine gender[0K
[ ] Neuter gender[0K
[ ] Nominative case[0K
[ ] Vocative case[0K
[ ] Accusative case[0K
[ ] Genitive case[0K
[ ] Dative case[0K
[ ] Ablative case[0K
[ ] Singular number[0K
[ ] Plural number[0K
[38;2;97;97;97m↑[0m [38;2;73;73;73mmove up[0m[38;2;60;60;60m • [0m[38;2;97;97;97m↓[0m [38;2;73;73;73mmove down[0m[38;2;60;60;60m • [0m[38;2;97;97;97m←[0m [38;2;73;73;73mprevious page[0m[38;2;60;60;60m • [0m[38;2;97;97;97m→[0m [38;2;73;73;73mnext page[0m[38;2;60;60;60m • [0m[38;2;97;97;97m⎵[0m [38;2;73;73;73mcheck or uncheck option[0m[38;2;60;60;60m • [0m[38;2;97;97;97mctrl+q[0m [38;2;73;73;73mquit[0m[0K[300D[13A[1;4;4mRegular[0m[4m [0m[1;4;4mword[0m[4m [0m[1;4;4mexclusions[0m[0K
[B[38;2;97;97;97m↑[0m [38;2;73;73;73mmove up[0m[38;2;60;60;60m • [0m[38;2;97;97;97m↓[0m [38;2;73;73;73mmove down[0m[38;2;60;60;60m • [0m[38;2;97;97;97m←[0m [38;2;73;73;73mprevious page[0m[38;2;60;60;60m • [0m[38;2;97;97;97m→[0m [38;2;73;73;73mnext page[0m[38;2;60;60;60m • [0m[38;2;97;97;97m⎵[0m [38;2;73;73;73mcheck or uncheck option[0m[38;2;60;60;60m • [0m[38;2;97;97;97mctrl+q[0m [38;2;73;73;73mquit[0m[0K[0J[300D[2A[1;4;4mQuestion[0m[4m [0m[1;4;4mtypes[0m[0K
[1;38;2;225;123;52m[x] Type-in English to Latin questions[0m[0K
[1m[x] Type-in Latin to English questions[0m[0K
[1m[x] Parsing questions[0m[0K
[1m[x] Inflecting questions[0m[0K
[1m[x] Principal parts questions[0m[0K
[1m[x] Multiple choice English to Latin questions[0m[0K
[1m[x] Multiple choice Latin to English questions[0m[0K
[38;2;97;97;97m↑[0m [38;2;73;73;73mmove up[0m[38;2;60;60;60m • [0m[38;2;97;97;97m↓[0m [38;2;73;73;73mmove down[0m[38;2;60;60;60m • [0m[38;2;97;97;97m←[0m [38;2;73;73;73mprevious page[0m[38;2;60;60;60m • [0m[38;2;97;97;97m→[0m [38;2;73;73;73mnext page[0m[38;2;60;60;60m • [0m[38;2;97;97;97m⎵[0m [38;2;73;73;73mcheck or uncheck option[0m[38;2;60;60;60m • [0m[38;2;97;97;97mctrl+q[0m [38;2;73;73;73mquit[0m[0K[300D[8AInput the number of options wanted for multiple-choice questions.[0K
> [7mM[0m[38;5;240must be a positive integer                                                                                                                                                                                                                                                                                [0m
[2m(press right to save and quit)[0m[0K[0J[300D[2K[?2004l[?25h[?1002l[?1003l[?1006l