[?25l[?2004h]2;Create Session ConfigVerb exclusions
[x] All of them
[x] First conjugation verbs
[ ] Second conjugation verbs
[ ] Third conjugation verbs
[ ] Fourth conjugation verbs
[ ] Third -io verbs
[ ] Irregular verbs
[ ] Present active indicative
[ ] Imperfect active indicative
[ ] Perfect active indicative
[ ] Pluperfect active indicative
[ ] Present active infinitive
[ ] Present active imperative
[ ] Imperative active subjunctive
[ ] Pluperfect active subjunctive
[ ] Singular number
[ ] Plural number
[ ] 1st person
[ ] 2nd person
[ ] 3rd person
↑ move up • ↓ move down • ← previous page • → next page • ⎵ check or uncheck option • ctrl+q quit[ ] All of them
[ ] All of them
[x] First conjugation verbs
[x] First conjugation verbs
[ ] Second conjugation verbs
[x] Second conjugation verbs
Participle exclusions
[x] All of them
[ ] Present active
[ ] Perfect passive
[ ] Masculine gender
[ ] Feminine gender
[ ] Neuter gender
[ ] Nominative case
[ ] Vocative case
[ ] Accusative case
[ ] Genitive case
[ ] Dative case
[ ] Ablative case
[ ] Singular number
[ ] Plural number
↑ move up • ↓ move down • ← previous page • → next page • ⎵ check or uncheck option • ctrl+q quit[ ] All of them
[ ] All of them
[ ] Present active
[ ] Present active
[ ] Perfect passive
[x] Perfect passive
Noun exclusions
[ ] All of them
[ ] First declension nouns
[ ] Second declension nouns
[ ] Third declension nouns
[ ] Fourth declension nouns
[ ] Fifth declension nouns
[ ] Irregular nouns
[ ] Nominative case
[ ] Vocative case
[ ] Accusative case
[ ] Genitive case
[ ] Dative case
[ ] Ablative case
[ ] Singular number
[ ] Plural number
↑ move up • ↓ move down • ← previous page • → next page • ⎵ check or uncheck option • ctrl+q quit[x] All of them
[x] All of them
[ ] First declension nouns
[ ] First declension nouns
[ ] Second declension nouns
[x] Second declension nouns
Adjective exclusions
[ ] All of them
[ ] First and second declension adjectives
[ ] Third declension adjectives
[ ] Masculine gender
[ ] Feminine gender
[ ] Neuter gender
[ ] Nominative case
[ ] Vocative case
[ ] Accusative case
[ ] Genitive case
[ ] Dative case
[ ] Ablative case
[ ] Singular number
[ ] Plural number
[ ] Positive degree
[ ] Comparative degree
[ ] Superlative degree
↑ move up • ↓ move down • ← previous page • → next page • ⎵ check or uncheck option • ctrl+q quit[x] All of them
[x] All of them
[ ] First and second declension adjectives
[ ] First and second declension adjectives
[ ] Third declension adjectives
[x] Third declension adjectives
Adverb exclusions
[ ] All of them
[ ] Positive degree
[ ] Comparative degree
[ ] Superlative degree
↑ move up • ↓ move down • ← previous page • → next page • ⎵ check or uncheck option • ctrl+q quit[x] All of them
[x] All of them
[ ] Positive degree
[ ] Positive degree
[ ] Comparative degree
[x] Comparative degree
Pronoun exclusions
[ ] All of them
[ ] Masculine gender
[ ] Feminine gender
[ ] Neuter gender
[ ] Nominative case
[ ] Vocative case
[ ] Accusative case
[ ] Genitive case
[ ] Dative case
[ ] Ablative case
[ ] Singular number
[ ] Plural number
↑ move up • ↓ move down • ← previous page • → next page • ⎵ check or uncheck option • ctrl+q quit[x] All of them
[x] All of them
[ ] Masculine gender
[ ] Masculine gender
[ ] Feminine gender
[x] Feminine gender
Regular word exclusions
[ ] All of them
↑ move up • ↓ move down • ← previous page • → next page • ⎵ check or uncheck option • ctrl+q quit[x] All of them
[ ] All of them
Question types
[x] Type-in English to Latin questions
[x] Type-in Latin to English questions
[x] Parsing questions
[x] Inflecting questions
[x] Principal parts questions
[x] Multiple choice English to Latin questions
[x] Multiple choice Latin to English questions
↑ move up • ↓ move down • ← previous page • → next page • ⎵ check or uncheck option • ctrl+q quit[ ] Type-in English to Latin questions
[ ] Type-in English to Latin questions
[x] Type-in Latin to English questions
[x] Type-in Latin to English questions
[x] Parsing questions
[ ] Parsing questions
Input the number of options wanted for multiple-choice questions.
> Must be a positive integer                                                                                                                                                                                                                                                                                
(press right to save and quit)> 3                                                                                                                                                                                                                                                                                                         
[?2004l[?25h