[?25l[?2004h]2;Vocab Tester SessionVocab Tester Session[0K
Question 1/6[0K
[0K
What is bar in the quz?[0K
> Write answer here...[0K
[0K
[0K
Score: 0/0 (0%)[0K
tab next option • ⏎ submit answer • ctrl+h toggle additional help • ctrl+q quit[0K[300D[8A[B[B[B[B> f [0K
[B[B[B[300D[8A[B[B[B[B> fo [0K
[B[B[B[300D[8A[B[B[B[B> foo [0K
[B[B[B[300D[8A[B[B[B[B[BAnswer is correct![0K
[BScore: 1/1 (100%)[0K
[300D[8A[BQuestion 2/6[0K
[B[B> Write answer here...[0K
[0K
[B[B[300D[8A[B[B[B[B> f [0K
[B[B[B[300D[8A[B[B[B[B> fo [0K
[B[B[B[300D[8A[B[B[B[B> foo [0K
[B[B[B[300D[8A[B[B[B[B> foof [0K
[B[B[B[300D[8A[B[B[B[B> foofo [0K
[B[B[B[300D[8A[B[B[B[B> foofoo [0K
[B[B[B[300D[8A[B[B[B[B[BAnswer is correct![0K
[BScore: 2/2 (100%)[0K
[300D[8A[BQuestion 3/6[0K
[B[B> Write answer here...[0K
[0K
[B[B[300D[8A[B[B[B[B> b [0K
[B[B[B[300D[8A[B[B[B[B> ba [0K
[B[B[B[300D[8A[B[B[B[B> bar [0K
[B[B[B[300D[8A[B[B[B[B> bar  ✕ foo[0K
Answer is incorrect![0K
[BScore: 2/3 (67%)[0K
[300D[8A[BQuestion 4/6[0K
[BWhat is foo in the quux?[0K
> Write answer here...[0K
[0K
[B[B[300D[8A[B[B[B[B> b [0K
[B[B[B[300D[8A[B[B[B[B> ba [0K
[B[B[B[300D[8A[B[B[B[B> bar [0K
[B[B[B[300D[8A[B[B[B[B[BAnswer is correct![0K
[BScore: 3/4 (75%)[0K
[300D[8A[BQuestion 5/6[0K
[B[B> Write answer here...[0K
[0K
[B[B[300D[8A[B[B[B[B> b [0K
[B[B[B[300D[8A[B[B[B[B> ba [0K
[B[B[B[300D[8A[B[B[B[B> bar [0K
[B[B[B[300D[8A[B[B[B[B> barb [0K
[B[B[B[300D[8A[B[B[B[B> barba [0K
[B[B[B[300D[8A[B[B[B[B> barbar [0K
[B[B[B[300D[8A[B[B[B[B[BAnswer is correct![0K
[BScore: 4/5 (80%)[0K
[300D[8A[BQuestion 6/6[0K
[B[B> Write answer here...[0K
[0K
[B[B[300D[8A[B[B[B[B> b [0K
[B[B[B[300D[8A[B[B[B[B> ba [0K
[B[B[B[300D[8A[B[B[B[B> baz [0K
[B[B[B[300D[8A[B[B[B[B> baz  ✕ bar[0K
Answer is incorrect![0K
[BScore: 4/6 (67%)[0K
[300D[2K[?2004l[?25h[?1002l[?1003l[?1006l