[38;2;147;226;213m╭──────────────────────────────────────────────────────────────────────────────────────────────────────────────────────────────────────────────────────────────╮[m
[38;2;147;226;213m│[m Save in: /foo/bar                                                                                                                                            [38;2;147;226;213m│[m
[38;2;147;226;213m│[m [38;2;137;179;250m╭──────────────────────────────────────────────────────────────────────────────────────────────────────────────────────────────────────────────────────────╮[m [38;2;147;226;213m│[m
[38;2;147;226;213m│[m [38;2;137;179;250m│[m[38;2;245;194;231m>[m[1;38;2;245;194;231m drwxr-xr-x    96B subdir[m                                                                                                                                [38;2;137;179;250m│[m [38;2;147;226;213m│[m
[38;2;147;226;213m│[m [38;2;137;179;250m│[m[38;2;245;194;231m [m [38;5;244m-rw-r--r--[m     [38;5;240m5B[m alpha.txt                                                                                                                             [38;2;137;179;250m│[m [38;2;147;226;213m│[m
[38;2;147;226;213m│[m [38;2;137;179;250m│[m[38;2;245;194;231m [m [38;5;244m-rw-r--r--[m     [38;5;240m4B[m beta.txt                                                                                                                              [38;2;137;179;250m│[m [38;2;147;226;213m│[m
[38;2;147;226;213m│[m [38;2;137;179;250m│[m                                                                                                                                                          [38;2;137;179;250m│[m [38;2;147;226;213m│[m
[38;2;147;226;213m│[m [38;2;137;179;250m│[m                                                                                                                                                          [38;2;137;179;250m│[m [38;2;147;226;213m│[m
[38;2;147;226;213m│[m [38;2;137;179;250m│[m                                                                                                                                                          [38;2;137;179;250m│[m [38;2;147;226;213m│[m
[38;2;147;226;213m│[m [38;2;137;179;250m│[m                                                                                                                                                          [38;2;137;179;250m│[m [38;2;147;226;213m│[m
[38;2;147;226;213m│[m [38;2;137;179;250m│[m                                                                                                                                                          [38;2;137;179;250m│[m [38;2;147;226;213m│[m
[38;2;147;226;213m│[m [38;2;137;179;250m│[m                                                                                                                                                          [38;2;137;179;250m│[m [38;2;147;226;213m│[m
[38;2;147;226;213m│[m [38;2;137;179;250m│[m                                                                                                                                                          [38;2;137;179;250m│[m [38;2;147;226;213m│[m
[38;2;147;226;213m│[m [38;2;137;179;250m╰──────────────────────────────────────────────────────────────────────────────────────────────────────────────────────────────────────────────────────────╯[m [38;2;147;226;213m│[m
[38;2;147;226;213m│[m Filename:                                                                                                                                                    [38;2;147;226;213m│[m
[38;2;147;226;213m│[m [37m> [m[38;5;240mE[m                                                                                                                                                          [38;2;147;226;213m│[m
[38;2;147;226;213m│[m [38;2;98;98;98mtab/[][m [38;2;74;74;74mcycle focus[m[38;2;60;60;60m • [m[38;2;98;98;98menter[m [38;2;74;74;74msubmit[m[38;2;60;60;60m • [m[38;2;98;98;98mctrl+h[m [38;2;74;74;74mtoggle help[m[38;2;60;60;60m • [m[38;2;98;98;98mesc[m [38;2;74;74;74mcancel[m                                                                                          [38;2;147;226;213m│[m
[38;2;147;226;213m╰──────────────────────────────────────────────────────────────────────────────────────────────────────────────────────────────────────────────────────────────╯[m