[38;5;196m╭───────────────────────╮[m
[38;5;196m│[m [1;38;5;196mⓧ Error[m               [38;5;196m│[m
[38;5;196m│[m[38;5;196m───────────────────────[m[38;5;196m│[m
[38;5;196m│[m[38;5;196mthis is a test error[m   [38;5;196m│[m
[38;5;196m│[m                       [38;5;196m│[m
[38;5;196m│[m                       [38;5;196m│[m
[38;5;196m│[m                       [38;5;196m│[m
[38;5;196m│[m                       [38;5;196m│[m
[38;5;196m│[m                       [38;5;196m│[m
[38;5;196m╰───────────────────────╯[m